node : (node:19648) [MODULE_TYPELESS_PACKAGE_JSON] Warning: Module type of 
file:///C:/Users/user/Desktop/works/%D8%A7%D9%84%D8%B2%D8%AA%D9%88%D9%86%D8%A9/zaitouna-web/test_api_v3.js is not 
specified and it doesn't parse as CommonJS.
At line:1 char:1
+ node test_api_v3.js > test_output.txt 2>&1
+ ~~~~~~~~~~~~~~~~~~~~~~~~~~~~~~~~~~~~~~~~~~
    + CategoryInfo          : NotSpecified: ((node:19648) [M...se as CommonJS.:String) [], RemoteException
    + FullyQualifiedErrorId : NativeCommandError
 
Reparsing as ES module because module syntax was detected. This incurs a performance overhead.
To eliminate this warning, add "type": "module" to 
C:\Users\user\Desktop\works\╪د┘╪▓╪ز┘ê┘╪ر\zaitouna-web\package.json.
(Use `node --trace-warnings ...` to show where the warning was created)
Testing multimodal with gemini-flash-latest...
Success! Response: This is a solid, uniform image consisting entirely of a pale, bright yellow color. It has no other features, patterns, or shapes.
